// Jest Snapshot v1, https://goo.gl/fbAQLP

exports[`AutoComplete Component should match snapshot 1`] = `null`;
